// Jest Snapshot v1, https://goo.gl/fbAQLP

exports[`Head matches the snapshot 1`] = `
<Bootstrap(undefined)
  bg="info"
  collapseOnSelect={true}
  expand="lg"
  fixed="top"
  variant="dark"
>
  <NavbarBrand
    href="http://localhost:8080/"
  >
    iRepoter
  </NavbarBrand>
  <NavbarToggle
    aria-controls="responsive-navbar-nav"
    label="Toggle navigation"
  />
  <NavbarCollapse
    id="responsive-navbar-nav"
  >
    <Nav
      className="mr-auto"
      fill={false}
      justify={false}
    >
      <NavLink
        as={[Function]}
        disabled={false}
        href=""
      />
    </Nav>
    <Nav
      fill={false}
      justify={false}
    />
  </NavbarCollapse>
</Bootstrap(undefined)>
`;
